// Jest Snapshot v1, https://goo.gl/fbAQLP

exports[`DepositAmount should render correctly 1`] = `
<div>
  <form>
    <div
      class="flex flex-col shadow-md rounded-md divide-y gap-2 bg-primary w-full"
    >
      <div
        class="flex flex-col p-6 gap-2"
      >
        <p
          class="font-bold text-lg hidden lg:block"
        >
          Account Deposit
        </p>
        <p
          class="text-sm"
        >
          Select your deposit amount from the amounts shown below or enter your own amount and click the "Deposit" button.
        </p>
        <div
          class="flex flex-col gap-5 w-full mt-5 justify-center"
        >
          <div
            class="grid grid-cols-2 md:grid-cols-3 gap-5 lg:gap-x-10 xl:gap-x-20 justify-items-stretch"
          >
            <button
              class="transform transition duration-500 hover:scale-110 hover:border-4 hover:border-blue-300  border border-gray-200 rounded-md shadow w-auto py-2 min-h-[75px]"
            >
              <p
                class="font-bold text-2xl"
              >
                 $
                10
              </p>
              <div
                class="text-sm text-[#46B534] pt-2 font-semibold"
              />
            </button>
            <button
              class="transform transition duration-500 hover:scale-110 hover:border-4 hover:border-blue-300  border border-gray-200 rounded-md shadow w-auto py-2 min-h-[75px]"
            >
              <p
                class="font-bold text-2xl"
              >
                 $
                25
              </p>
              <div
                class="text-sm text-[#46B534] pt-2 font-semibold"
              />
            </button>
            <button
              class="transform transition duration-500 hover:scale-110 hover:border-4 hover:border-blue-300  border border-gray-200 rounded-md shadow w-auto py-2 min-h-[75px]"
            >
              <p
                class="font-bold text-2xl"
              >
                 $
                50
              </p>
              <div
                class="text-sm text-[#46B534] pt-2 font-semibold"
              />
            </button>
            <button
              class="transform transition duration-500 hover:scale-110 hover:border-4 hover:border-blue-300  border border-gray-200 rounded-md shadow w-auto py-2 min-h-[75px]"
            >
              <p
                class="font-bold text-2xl"
              >
                 $
                75
              </p>
              <div
                class="text-sm text-[#46B534] pt-2 font-semibold"
              />
            </button>
            <button
              class="transform transition duration-500 hover:scale-110 hover:border-4 hover:border-blue-300  border border-gray-200 rounded-md shadow w-auto py-2 min-h-[75px]"
            >
              <p
                class="font-bold text-2xl"
              >
                 $
                100
              </p>
              <div
                class="text-sm text-[#46B534] pt-2 font-semibold"
              />
            </button>
            <button
              class="transform transition duration-500 hover:scale-110 hover:border-4 hover:border-blue-300  border border-gray-200 rounded-md shadow w-auto py-2 min-h-[75px]"
            >
              <p
                class="font-bold text-2xl"
              >
                 $
                125
              </p>
              <div
                class="text-sm text-[#46B534] pt-2 font-semibold"
              />
            </button>
          </div>
          <p
            class="text-center  font-bold"
          >
            OR
          </p>
          <div
            class="relative border border-[#2F5F98] rounded-md bg-[#2F5F98] ml-50 h-[62px]"
          >
            <div
              class="flex absolute inset-y-0 left-0 items-center pointer-events-none bg-inherit p-2 rounded-l-md"
            >
              <span
                class="font-bold text-lg"
              >
                $
              </span>
            </div>
            <input
              class="block pl-11 pr-2 appearance-none font-bold text-lg w-full h-full rounded-md bg-[#1A487F] focus:outline-[#2F5F98]"
              name="depositAmount"
              placeholder="Enter custom amount"
              type="number"
              value=""
            />
            <span
              class="text-xs text-red-500 ml-3"
            />
          </div>
        </div>
      </div>
      <div
        class="flex flex-col p-6 gap-2"
      >
        <button
          class="p-4 capitalize text-primary rounded font-bold w-auto h-auto bg-white disabled:opacity-10"
          disabled=""
          type="submit"
        >
          Deposit
        </button>
        <p
          class="text-sm text-lightText"
        >
          Next: Select your deposit Method and save it to your secure wallet for future transactions.
        </p>
      </div>
    </div>
  </form>
</div>
`;
