// Jest Snapshot v1, https://goo.gl/fbAQLP

exports[`WeeklyBalanceContainer should render correctly 1`] = `
<div>
  <div
    class="flex flex-col gap-2"
  >
    <h2
      class="text-xl font-bold"
    >
      Weekly Balance
    </h2>
    <div
      class="flex flex-col gap-2 py-2 w-full"
    >
      <div
        class="flex flex-col md:flex-row gap-2 w-full"
      >
        <div
          class="MuiFormControl-root MuiTextField-root css-1u3bzj6-MuiFormControl-root-MuiTextField-root"
        >
          <label
            class="MuiFormLabel-root MuiInputLabel-root MuiInputLabel-formControl MuiInputLabel-animated MuiInputLabel-shrink MuiInputLabel-outlined MuiFormLabel-colorPrimary MuiFormLabel-filled MuiInputLabel-root MuiInputLabel-formControl MuiInputLabel-animated MuiInputLabel-shrink MuiInputLabel-outlined css-1jy569b-MuiFormLabel-root-MuiInputLabel-root"
            data-shrink="true"
            for=":r1:"
            id=":r1:-label"
          >
            Day Week Date
          </label>
          <div
            class="MuiInputBase-root MuiOutlinedInput-root MuiInputBase-colorPrimary MuiInputBase-formControl Mui-readOnly MuiInputBase-readOnly css-9ddj71-MuiInputBase-root-MuiOutlinedInput-root"
          >
            <input
              aria-invalid="false"
              aria-label="Choose date, selected date is 28 Dec, 2020"
              autocomplete="off"
              class="MuiInputBase-input MuiOutlinedInput-input Mui-readOnly MuiInputBase-readOnly css-1t8l2tu-MuiInputBase-input-MuiOutlinedInput-input"
              id=":r1:"
              inputmode="text"
              placeholder="MM/DD/YYYY"
              readonly=""
              type="text"
              value="12/28/2020"
            />
            <fieldset
              aria-hidden="true"
              class="MuiOutlinedInput-notchedOutline css-1d3z3hw-MuiOutlinedInput-notchedOutline"
            >
              <legend
                class="css-14lo706"
              >
                <span>
                  Day Week Date
                </span>
              </legend>
            </fieldset>
          </div>
        </div>
        <div
          class="w-full lg:max-w-sm"
        >
          <div
            class="relative grow"
          >
            <div
              class="flex absolute inset-y-0 left-0 items-center pl-3 pointer-events-none"
            >
              <svg
                aria-hidden="true"
                class="w-5 h-5 text-gray-500 dark:text-gray-400"
                fill="none"
                stroke="currentColor"
                viewBox="0 0 24 24"
                xmlns="http://www.w3.org/2000/svg"
              >
                <path
                  d="M21 21l-6-6m2-5a7 7 0 11-14 0 7 7 0 0114 0z"
                />
              </svg>
            </div>
            <input
              class="block p-4 pl-10 w-full text-sm text-gray-900 bg-gray-50 rounded-lg border border-gray-300 focus:ring-2 focus:ring-blue-500 focus:border-blue-500 focus:outline-none"
              placeholder="Search"
              required=""
              type="search"
              value=""
            />
          </div>
        </div>
        <div
          class="flex flex-row gap-2 w-full"
        >
          <label
            class="MuiFormControlLabel-root MuiFormControlLabel-labelPlacementEnd css-j204z7-MuiFormControlLabel-root"
          >
            <span
              class="MuiButtonBase-root MuiCheckbox-root MuiCheckbox-colorPrimary PrivateSwitchBase-root MuiCheckbox-root MuiCheckbox-colorPrimary MuiCheckbox-root MuiCheckbox-colorPrimary css-12wnr2w-MuiButtonBase-root-MuiCheckbox-root"
            >
              <input
                aria-label="controlled"
                class="PrivateSwitchBase-input css-1m9pwf3"
                data-indeterminate="false"
                type="checkbox"
              />
              <svg
                aria-hidden="true"
                class="MuiSvgIcon-root MuiSvgIcon-fontSizeMedium css-i4bv87-MuiSvgIcon-root"
                data-testid="CheckBoxOutlineBlankIcon"
                focusable="false"
                viewBox="0 0 24 24"
              >
                <path
                  d="M19 5v14H5V5h14m0-2H5c-1.1 0-2 .9-2 2v14c0 1.1.9 2 2 2h14c1.1 0 2-.9 2-2V5c0-1.1-.9-2-2-2z"
                />
              </svg>
              <span
                class="MuiTouchRipple-root css-8je8zh-MuiTouchRipple-root"
              />
            </span>
            <span
              class="MuiTypography-root MuiTypography-body1 MuiFormControlLabel-label css-ahj2mt-MuiTypography-root"
            >
              View inactive only
            </span>
          </label>
          <label
            class="MuiFormControlLabel-root MuiFormControlLabel-labelPlacementEnd css-j204z7-MuiFormControlLabel-root"
          >
            <span
              class="MuiButtonBase-root MuiCheckbox-root MuiCheckbox-colorPrimary PrivateSwitchBase-root MuiCheckbox-root MuiCheckbox-colorPrimary MuiCheckbox-root MuiCheckbox-colorPrimary css-12wnr2w-MuiButtonBase-root-MuiCheckbox-root"
            >
              <input
                aria-label="controlled"
                class="PrivateSwitchBase-input css-1m9pwf3"
                data-indeterminate="false"
                type="checkbox"
              />
              <svg
                aria-hidden="true"
                class="MuiSvgIcon-root MuiSvgIcon-fontSizeMedium css-i4bv87-MuiSvgIcon-root"
                data-testid="CheckBoxOutlineBlankIcon"
                focusable="false"
                viewBox="0 0 24 24"
              >
                <path
                  d="M19 5v14H5V5h14m0-2H5c-1.1 0-2 .9-2 2v14c0 1.1.9 2 2 2h14c1.1 0 2-.9 2-2V5c0-1.1-.9-2-2-2z"
                />
              </svg>
              <span
                class="MuiTouchRipple-root css-8je8zh-MuiTouchRipple-root"
              />
            </span>
            <span
              class="MuiTypography-root MuiTypography-body1 MuiFormControlLabel-label css-ahj2mt-MuiTypography-root"
            >
              Include Entry Fee
            </span>
          </label>
        </div>
      </div>
      <div
        class="flex flex-row-reverse gap-2 justify-end"
      >
        <button
          class="MuiButtonBase-root MuiButton-root MuiButton-contained MuiButton-containedPrimary MuiButton-sizeMedium MuiButton-containedSizeMedium MuiButton-root MuiButton-contained MuiButton-containedPrimary MuiButton-sizeMedium MuiButton-containedSizeMedium css-1rxu0pa-MuiButtonBase-root-MuiButton-root"
          tabindex="0"
          type="button"
        >
          This week
          <span
            class="MuiTouchRipple-root css-8je8zh-MuiTouchRipple-root"
          />
        </button>
        <button
          class="MuiButtonBase-root MuiButton-root MuiButton-contained MuiButton-containedPrimary MuiButton-sizeMedium MuiButton-containedSizeMedium MuiButton-root MuiButton-contained MuiButton-containedPrimary MuiButton-sizeMedium MuiButton-containedSizeMedium css-1rxu0pa-MuiButtonBase-root-MuiButton-root"
          tabindex="0"
          type="button"
        >
          Last week
          <span
            class="MuiTouchRipple-root css-8je8zh-MuiTouchRipple-root"
          />
        </button>
        <button
          class="MuiButtonBase-root MuiButton-root MuiButton-contained MuiButton-containedPrimary MuiButton-sizeMedium MuiButton-containedSizeMedium MuiButton-root MuiButton-contained MuiButton-containedPrimary MuiButton-sizeMedium MuiButton-containedSizeMedium css-1rxu0pa-MuiButtonBase-root-MuiButton-root"
          tabindex="0"
          type="button"
        >
          2 weeks ago
          <span
            class="MuiTouchRipple-root css-8je8zh-MuiTouchRipple-root"
          />
        </button>
        <button
          class="MuiButtonBase-root MuiButton-root MuiButton-contained MuiButton-containedPrimary MuiButton-sizeMedium MuiButton-containedSizeMedium MuiButton-root MuiButton-contained MuiButton-containedPrimary MuiButton-sizeMedium MuiButton-containedSizeMedium css-1rxu0pa-MuiButtonBase-root-MuiButton-root"
          tabindex="0"
          type="button"
        >
          3 weeks ago
          <span
            class="MuiTouchRipple-root css-8je8zh-MuiTouchRipple-root"
          />
        </button>
        <button
          class="MuiButtonBase-root MuiButton-root MuiButton-contained MuiButton-containedPrimary MuiButton-sizeMedium MuiButton-containedSizeMedium MuiButton-root MuiButton-contained MuiButton-containedPrimary MuiButton-sizeMedium MuiButton-containedSizeMedium css-1rxu0pa-MuiButtonBase-root-MuiButton-root"
          tabindex="0"
          type="button"
        >
          4 weeks ago
          <span
            class="MuiTouchRipple-root css-8je8zh-MuiTouchRipple-root"
          />
        </button>
        <button
          class="MuiButtonBase-root MuiButton-root MuiButton-contained MuiButton-containedPrimary MuiButton-sizeMedium MuiButton-containedSizeMedium MuiButton-root MuiButton-contained MuiButton-containedPrimary MuiButton-sizeMedium MuiButton-containedSizeMedium css-1rxu0pa-MuiButtonBase-root-MuiButton-root"
          tabindex="0"
          type="button"
        >
          5 weeks ago
          <span
            class="MuiTouchRipple-root css-8je8zh-MuiTouchRipple-root"
          />
        </button>
        <button
          class="MuiButtonBase-root MuiButton-root MuiButton-contained MuiButton-containedPrimary MuiButton-sizeMedium MuiButton-containedSizeMedium MuiButton-root MuiButton-contained MuiButton-containedPrimary MuiButton-sizeMedium MuiButton-containedSizeMedium css-1rxu0pa-MuiButtonBase-root-MuiButton-root"
          tabindex="0"
          type="button"
        >
          6 weeks ago
          <span
            class="MuiTouchRipple-root css-8je8zh-MuiTouchRipple-root"
          />
        </button>
        <button
          class="MuiButtonBase-root MuiButton-root MuiButton-contained MuiButton-containedPrimary MuiButton-sizeMedium MuiButton-containedSizeMedium MuiButton-root MuiButton-contained MuiButton-containedPrimary MuiButton-sizeMedium MuiButton-containedSizeMedium css-1rxu0pa-MuiButtonBase-root-MuiButton-root"
          tabindex="0"
          type="button"
        >
          7 weeks ago
          <span
            class="MuiTouchRipple-root css-8je8zh-MuiTouchRipple-root"
          />
        </button>
        <button
          class="MuiButtonBase-root MuiButton-root MuiButton-contained MuiButton-containedPrimary MuiButton-sizeMedium MuiButton-containedSizeMedium MuiButton-root MuiButton-contained MuiButton-containedPrimary MuiButton-sizeMedium MuiButton-containedSizeMedium css-1rxu0pa-MuiButtonBase-root-MuiButton-root"
          tabindex="0"
          type="button"
        >
          8 weeks ago
          <span
            class="MuiTouchRipple-root css-8je8zh-MuiTouchRipple-root"
          />
        </button>
      </div>
    </div>
    <div
      class="flex flex-col justify-center items-center"
    >
      <p>
        - Weekly Balance -
      </p>
      <span
        class="MuiSkeleton-root MuiSkeleton-text MuiSkeleton-pulse css-1bjvsl0-MuiSkeleton-root"
      />
    </div>
    <span
      class="MuiSkeleton-root MuiSkeleton-rectangular MuiSkeleton-pulse css-rofme1-MuiSkeleton-root"
    />
  </div>
</div>
`;
