// Jest Snapshot v1, https://goo.gl/fbAQLP

exports[`EditForm should render correctly 1`] = `
<div>
  <form>
    <p
      class="bg-selected p-4 text-xl text-white font-bold"
    >
      Edit 
       User
    </p>
    <div
      class="flex flex-col  divide-y divide-dashed justify-center shadow-2xl"
    >
      <div
        class="grid grid-cols-3 lg:grid-cols-6 p-4 gap-2"
      >
        <span
          class="font-semibold"
        >
          Active
        </span>
        <div
          class="col-span-2 lg:col-span-5"
        >
          <label
            class="MuiFormControlLabel-root MuiFormControlLabel-labelPlacementEnd css-j204z7-MuiFormControlLabel-root"
          >
            <span
              class="MuiSwitch-root MuiSwitch-sizeMedium css-julti5-MuiSwitch-root"
            >
              <span
                class="MuiButtonBase-root MuiSwitch-switchBase MuiSwitch-colorPrimary Mui-checked PrivateSwitchBase-root MuiSwitch-switchBase MuiSwitch-colorPrimary Mui-checked Mui-checked css-5ryogn-MuiButtonBase-root-MuiSwitch-switchBase"
              >
                <input
                  class="PrivateSwitchBase-input MuiSwitch-input css-1m9pwf3"
                  name="status"
                  type="checkbox"
                  value="true"
                />
                <span
                  class="MuiSwitch-thumb css-jsexje-MuiSwitch-thumb"
                />
                <span
                  class="MuiTouchRipple-root css-8je8zh-MuiTouchRipple-root"
                />
              </span>
              <span
                class="MuiSwitch-track css-1yjjitx-MuiSwitch-track"
              />
            </span>
            <span
              class="MuiTypography-root MuiTypography-body1 MuiFormControlLabel-label css-ahj2mt-MuiTypography-root"
            />
          </label>
        </div>
      </div>
      <div
        class="grid grid-cols-3 lg:grid-cols-6 p-4 gap-2"
      >
        <span
          class="font-semibold"
        >
          ID
        </span>
        <div
          class="col-span-2 lg:col-span-5"
        >
          <div
            class="MuiFormControl-root MuiFormControl-fullWidth MuiTextField-root css-wb57ya-MuiFormControl-root-MuiTextField-root"
          >
            <div
              class="MuiInputBase-root MuiOutlinedInput-root MuiInputBase-colorPrimary Mui-disabled MuiInputBase-fullWidth MuiInputBase-formControl MuiInputBase-sizeSmall css-md26zr-MuiInputBase-root-MuiOutlinedInput-root"
            >
              <input
                aria-invalid="false"
                class="MuiInputBase-input MuiOutlinedInput-input Mui-disabled MuiInputBase-inputSizeSmall css-1n4twyu-MuiInputBase-input-MuiOutlinedInput-input"
                disabled=""
                id=":r0:"
                name="id"
                type="text"
                value=""
              />
              <fieldset
                aria-hidden="true"
                class="MuiOutlinedInput-notchedOutline css-1d3z3hw-MuiOutlinedInput-notchedOutline"
              >
                <legend
                  class="css-ihdtdm"
                >
                  <span
                    class="notranslate"
                  >
                    ​
                  </span>
                </legend>
              </fieldset>
            </div>
          </div>
        </div>
      </div>
      <div
        class="grid grid-cols-3 lg:grid-cols-6 p-4 gap-2"
      >
        <span
          class="font-semibold"
        >
          Email
        </span>
        <div
          class="col-span-2 lg:col-span-5"
        >
          <div
            class="MuiFormControl-root MuiFormControl-fullWidth MuiTextField-root css-wb57ya-MuiFormControl-root-MuiTextField-root"
          >
            <div
              class="MuiInputBase-root MuiOutlinedInput-root MuiInputBase-colorPrimary Mui-disabled MuiInputBase-fullWidth MuiInputBase-formControl MuiInputBase-sizeSmall css-md26zr-MuiInputBase-root-MuiOutlinedInput-root"
            >
              <input
                aria-invalid="false"
                class="MuiInputBase-input MuiOutlinedInput-input Mui-disabled MuiInputBase-inputSizeSmall css-1n4twyu-MuiInputBase-input-MuiOutlinedInput-input"
                disabled=""
                id=":r1:"
                name="email"
                type="text"
                value=""
              />
              <fieldset
                aria-hidden="true"
                class="MuiOutlinedInput-notchedOutline css-1d3z3hw-MuiOutlinedInput-notchedOutline"
              >
                <legend
                  class="css-ihdtdm"
                >
                  <span
                    class="notranslate"
                  >
                    ​
                  </span>
                </legend>
              </fieldset>
            </div>
          </div>
        </div>
      </div>
      <div
        class="grid grid-cols-3 lg:grid-cols-6 p-4 gap-2"
      >
        <span
          class="font-semibold"
        >
          Username
        </span>
        <div
          class="col-span-2 lg:col-span-5"
        >
          <div
            class="MuiFormControl-root MuiFormControl-fullWidth MuiTextField-root css-wb57ya-MuiFormControl-root-MuiTextField-root"
          >
            <div
              class="MuiInputBase-root MuiOutlinedInput-root MuiInputBase-colorPrimary Mui-disabled MuiInputBase-fullWidth MuiInputBase-formControl MuiInputBase-sizeSmall css-md26zr-MuiInputBase-root-MuiOutlinedInput-root"
            >
              <input
                aria-invalid="false"
                class="MuiInputBase-input MuiOutlinedInput-input Mui-disabled MuiInputBase-inputSizeSmall css-1n4twyu-MuiInputBase-input-MuiOutlinedInput-input"
                disabled=""
                id=":r2:"
                name="username"
                type="text"
                value=""
              />
              <fieldset
                aria-hidden="true"
                class="MuiOutlinedInput-notchedOutline css-1d3z3hw-MuiOutlinedInput-notchedOutline"
              >
                <legend
                  class="css-ihdtdm"
                >
                  <span
                    class="notranslate"
                  >
                    ​
                  </span>
                </legend>
              </fieldset>
            </div>
          </div>
        </div>
      </div>
      <div
        class="grid grid-cols-3 lg:grid-cols-6 p-4 gap-2"
      >
        <span
          class="font-semibold"
        >
          Password
        </span>
        <div
          class="col-span-2 lg:col-span-5"
        >
          <div
            class="MuiFormControl-root MuiFormControl-fullWidth MuiTextField-root css-wb57ya-MuiFormControl-root-MuiTextField-root"
          >
            <div
              class="MuiInputBase-root MuiOutlinedInput-root MuiInputBase-colorPrimary Mui-disabled MuiInputBase-fullWidth MuiInputBase-formControl MuiInputBase-sizeSmall css-md26zr-MuiInputBase-root-MuiOutlinedInput-root"
            >
              <input
                aria-invalid="false"
                class="MuiInputBase-input MuiOutlinedInput-input Mui-disabled MuiInputBase-inputSizeSmall css-1n4twyu-MuiInputBase-input-MuiOutlinedInput-input"
                disabled=""
                id=":r3:"
                name="password"
                type="password"
                value=""
              />
              <fieldset
                aria-hidden="true"
                class="MuiOutlinedInput-notchedOutline css-1d3z3hw-MuiOutlinedInput-notchedOutline"
              >
                <legend
                  class="css-ihdtdm"
                >
                  <span
                    class="notranslate"
                  >
                    ​
                  </span>
                </legend>
              </fieldset>
            </div>
          </div>
        </div>
      </div>
      <div
        class="grid grid-cols-3 lg:grid-cols-6 p-4 gap-2"
      >
        <span
          class="font-semibold"
        >
          Phone
        </span>
        <div
          class="col-span-2 lg:col-span-5"
        >
          <div
            class="MuiFormControl-root MuiFormControl-fullWidth MuiTextField-root css-wb57ya-MuiFormControl-root-MuiTextField-root"
          >
            <div
              class="MuiInputBase-root MuiOutlinedInput-root MuiInputBase-colorPrimary MuiInputBase-fullWidth MuiInputBase-formControl MuiInputBase-sizeSmall css-md26zr-MuiInputBase-root-MuiOutlinedInput-root"
            >
              <input
                aria-invalid="false"
                class="MuiInputBase-input MuiOutlinedInput-input MuiInputBase-inputSizeSmall css-1n4twyu-MuiInputBase-input-MuiOutlinedInput-input"
                id=":r4:"
                name="phone"
                type="number"
                value=""
              />
              <fieldset
                aria-hidden="true"
                class="MuiOutlinedInput-notchedOutline css-1d3z3hw-MuiOutlinedInput-notchedOutline"
              >
                <legend
                  class="css-ihdtdm"
                >
                  <span
                    class="notranslate"
                  >
                    ​
                  </span>
                </legend>
              </fieldset>
            </div>
          </div>
        </div>
      </div>
      <div
        class="grid grid-cols-3 lg:grid-cols-6 p-4 gap-2"
      >
        <span
          class="font-semibold"
        >
          Type
        </span>
        <div
          class="col-span-2 lg:col-span-5"
        >
          <div
            class="MuiFormControl-root MuiFormControl-fullWidth css-q8hpuo-MuiFormControl-root"
          >
            <div
              class="MuiInputBase-root MuiOutlinedInput-root MuiInputBase-colorPrimary Mui-disabled MuiInputBase-fullWidth MuiInputBase-formControl MuiInputBase-sizeSmall  css-1ualgfl-MuiInputBase-root-MuiOutlinedInput-root-MuiSelect-root"
            >
              <div
                aria-disabled="true"
                aria-expanded="false"
                aria-haspopup="listbox"
                aria-labelledby="mui-component-select-type"
                class="MuiSelect-select MuiSelect-outlined Mui-disabled MuiInputBase-input MuiOutlinedInput-input Mui-disabled MuiInputBase-inputSizeSmall css-jedpe8-MuiSelect-select-MuiInputBase-input-MuiOutlinedInput-input"
                id="mui-component-select-type"
                role="button"
              >
                Partner
              </div>
              <input
                aria-hidden="true"
                class="MuiSelect-nativeInput css-yf8vq0-MuiSelect-nativeInput"
                disabled=""
                name="type"
                tabindex="-1"
                value="AGENT"
              />
              <svg
                aria-hidden="true"
                class="MuiSvgIcon-root MuiSvgIcon-fontSizeMedium MuiSelect-icon MuiSelect-iconOutlined Mui-disabled css-hfutr2-MuiSvgIcon-root-MuiSelect-icon"
                data-testid="ArrowDropDownIcon"
                focusable="false"
                viewBox="0 0 24 24"
              >
                <path
                  d="M7 10l5 5 5-5z"
                />
              </svg>
              <fieldset
                aria-hidden="true"
                class="MuiOutlinedInput-notchedOutline css-1d3z3hw-MuiOutlinedInput-notchedOutline"
              >
                <legend
                  class="css-ihdtdm"
                >
                  <span
                    class="notranslate"
                  >
                    ​
                  </span>
                </legend>
              </fieldset>
            </div>
          </div>
        </div>
      </div>
      <div
        class="grid grid-cols-3 lg:grid-cols-6 p-4 gap-2"
      >
        <span
          class="font-semibold"
        >
          PAM
        </span>
        <div
          class="col-span-2 lg:col-span-5"
        >
          <div
            class="MuiFormControl-root MuiFormControl-fullWidth css-q8hpuo-MuiFormControl-root"
          >
            <div
              class="MuiInputBase-root MuiOutlinedInput-root MuiInputBase-colorPrimary MuiInputBase-fullWidth MuiInputBase-formControl MuiInputBase-sizeSmall  css-1ualgfl-MuiInputBase-root-MuiOutlinedInput-root-MuiSelect-root"
            >
              <div
                aria-expanded="false"
                aria-haspopup="listbox"
                aria-labelledby="mui-component-select-subAdminId"
                class="MuiSelect-select MuiSelect-outlined MuiInputBase-input MuiOutlinedInput-input MuiInputBase-inputSizeSmall css-jedpe8-MuiSelect-select-MuiInputBase-input-MuiOutlinedInput-input"
                id="mui-component-select-subAdminId"
                role="button"
                tabindex="0"
              >
                subAdmin1
              </div>
              <input
                aria-hidden="true"
                class="MuiSelect-nativeInput css-yf8vq0-MuiSelect-nativeInput"
                name="subAdminId"
                tabindex="-1"
                value="subAdmin1"
              />
              <svg
                aria-hidden="true"
                class="MuiSvgIcon-root MuiSvgIcon-fontSizeMedium MuiSelect-icon MuiSelect-iconOutlined css-hfutr2-MuiSvgIcon-root-MuiSelect-icon"
                data-testid="ArrowDropDownIcon"
                focusable="false"
                viewBox="0 0 24 24"
              >
                <path
                  d="M7 10l5 5 5-5z"
                />
              </svg>
              <fieldset
                aria-hidden="true"
                class="MuiOutlinedInput-notchedOutline css-1d3z3hw-MuiOutlinedInput-notchedOutline"
              >
                <legend
                  class="css-ihdtdm"
                >
                  <span
                    class="notranslate"
                  >
                    ​
                  </span>
                </legend>
              </fieldset>
            </div>
          </div>
        </div>
      </div>
      <div
        class="grid grid-cols-3 lg:grid-cols-6 p-4 gap-2"
      >
        <span
          class="font-semibold"
        >
          Timezone
        </span>
        <div
          class="col-span-2 lg:col-span-5"
        >
          <div
            class="MuiFormControl-root MuiFormControl-fullWidth css-q8hpuo-MuiFormControl-root"
          >
            <div
              class="MuiInputBase-root MuiOutlinedInput-root MuiInputBase-colorPrimary MuiInputBase-fullWidth MuiInputBase-formControl MuiInputBase-sizeSmall  css-1ualgfl-MuiInputBase-root-MuiOutlinedInput-root-MuiSelect-root"
            >
              <div
                aria-expanded="false"
                aria-haspopup="listbox"
                aria-labelledby="mui-component-select-timezone"
                class="MuiSelect-select MuiSelect-outlined MuiInputBase-input MuiOutlinedInput-input MuiInputBase-inputSizeSmall css-jedpe8-MuiSelect-select-MuiInputBase-input-MuiOutlinedInput-input"
                id="mui-component-select-timezone"
                role="button"
                tabindex="0"
              >
                America/New_York
              </div>
              <input
                aria-hidden="true"
                class="MuiSelect-nativeInput css-yf8vq0-MuiSelect-nativeInput"
                name="timezone"
                tabindex="-1"
                value="America/New_York"
              />
              <svg
                aria-hidden="true"
                class="MuiSvgIcon-root MuiSvgIcon-fontSizeMedium MuiSelect-icon MuiSelect-iconOutlined css-hfutr2-MuiSvgIcon-root-MuiSelect-icon"
                data-testid="ArrowDropDownIcon"
                focusable="false"
                viewBox="0 0 24 24"
              >
                <path
                  d="M7 10l5 5 5-5z"
                />
              </svg>
              <fieldset
                aria-hidden="true"
                class="MuiOutlinedInput-notchedOutline css-1d3z3hw-MuiOutlinedInput-notchedOutline"
              >
                <legend
                  class="css-ihdtdm"
                >
                  <span
                    class="notranslate"
                  >
                    ​
                  </span>
                </legend>
              </fieldset>
            </div>
          </div>
        </div>
      </div>
      <div
        class="flex flex-row justify-between p-4"
      >
        <button
          class="MuiButtonBase-root MuiButton-root MuiButton-outlined MuiButton-outlinedPrimary MuiButton-sizeMedium MuiButton-outlinedSizeMedium MuiButton-root MuiButton-outlined MuiButton-outlinedPrimary MuiButton-sizeMedium MuiButton-outlinedSizeMedium css-1rwt2y5-MuiButtonBase-root-MuiButton-root"
          tabindex="0"
          type="button"
        >
          Cancel
          <span
            class="MuiTouchRipple-root css-8je8zh-MuiTouchRipple-root"
          />
        </button>
        <button
          class="MuiButtonBase-root MuiButton-root MuiButton-contained MuiButton-containedPrimary MuiButton-sizeMedium MuiButton-containedSizeMedium MuiButton-root MuiButton-contained MuiButton-containedPrimary MuiButton-sizeMedium MuiButton-containedSizeMedium css-sghohy-MuiButtonBase-root-MuiButton-root"
          tabindex="0"
          type="submit"
        >
          Save
          <span
            class="MuiTouchRipple-root css-8je8zh-MuiTouchRipple-root"
          />
        </button>
      </div>
    </div>
  </form>
</div>
`;
