// Jest Snapshot v1, https://goo.gl/fbAQLP

exports[`AdminHome should render 1`] = `
<div>
  <div
    class="MuiGrid2-root MuiGrid2-container MuiGrid2-direction-xs-row css-sftz05-MuiGrid2-root"
  />
</div>
`;
