// Jest Snapshot v1, https://goo.gl/fbAQLP

exports[`BalanceTableByAgent should render correctly 1`] = `<div />`;
